   Compiling aws-lc-sys v0.45.0
   Compiling ring v0.17.14
   Compiling blake3 v1.8.7
   Compiling camel-api v0.46.0 (/home/shared/rust-camel-worktrees/httpflake/crates/camel-api)
   Compiling camel-language-api v0.46.0 (/home/shared/rust-camel-worktrees/httpflake/crates/languages/camel-language-api)
   Compiling camel-endpoint v0.46.0 (/home/shared/rust-camel-worktrees/httpflake/crates/camel-endpoint)
   Compiling camel-language-simple v0.46.0 (/home/shared/rust-camel-worktrees/httpflake/crates/languages/camel-language-simple)
   Compiling camel-bean v0.46.0 (/home/shared/rust-camel-worktrees/httpflake/crates/camel-bean)
   Compiling rcgen v0.14.10
   Compiling aws-lc-rs v1.18.1
   Compiling rustls v0.23.43
   Compiling rustls-webpki v0.103.15
   Compiling jsonwebtoken v11.0.0
   Compiling tokio-rustls v0.26.4
   Compiling rustls-platform-verifier v0.7.0
   Compiling hyper-rustls v0.27.9
   Compiling reqwest v0.13.4
   Compiling axum-server v0.8.0
   Compiling camel-auth v0.46.0 (/home/shared/rust-camel-worktrees/httpflake/crates/services/camel-auth)
   Compiling camel-component-api v0.46.0 (/home/shared/rust-camel-worktrees/httpflake/crates/components/camel-component-api)
   Compiling camel-processor v0.46.0 (/home/shared/rust-camel-worktrees/httpflake/crates/camel-processor)
   Compiling camel-core v0.46.0 (/home/shared/rust-camel-worktrees/httpflake/crates/camel-core)
   Compiling camel-component-http v0.46.0 (/home/shared/rust-camel-worktrees/httpflake/crates/components/camel-http)
    Finished `test` profile [unoptimized] target(s) in 2m 53s
     Running unittests src/lib.rs (target/debug/deps/camel_component_http-27a97a573c7b7f67)

running 10 tests
test tests::registry_rejects_tls_on_plain_port ... ok
test tests::test_server_registry_global_is_singleton ... ok
test tests::test_content_type_inferred_for_json_body ... FAILED
test static_endpoint::tests::test_consumer_start_registers_mount_in_registry ... FAILED
test tests::test_concurrent_get_or_spawn_returns_same_registry ... FAILED
test tests::test_server_registry_reset_clears_entries ... FAILED
test tests::test_content_type_inferred_for_xml_body ... FAILED
test tests::test_server_registry_distinguishes_host_and_port ... FAILED
test tests::readiness_survives_concurrent_registry_reset ... FAILED
test tests::test_content_type_inferred_for_text_body ... FAILED

failures:

---- tests::test_content_type_inferred_for_json_body stdout ----
HTTPFLAKE-DBG start-ENTER port=43929
HTTPFLAKE-DBG cell-SET key=(127.0.0.1:43929) thread=ThreadId(6)
HTTPFLAKE-DBG start-GOT-REGISTRY port=43929

thread 'tests::test_content_type_inferred_for_json_body' (2342688) panicked at crates/components/camel-http/src/lib.rs:9303:17:
HTTPFLAKE-DBG consumer server did not become ready on port 43929 — registry entry absent (concurrent reset or starvation) [polls=160 entries=1 staged=0 inner_poisoned=false direct_hit=false keys=["127.0.0.1:0"]]
note: run with `RUST_BACKTRACE=1` environment variable to display a backtrace

---- static_endpoint::tests::test_consumer_start_registers_mount_in_registry stdout ----

thread 'static_endpoint::tests::test_consumer_start_registers_mount_in_registry' (2342684) panicked at crates/components/camel-http/src/static_endpoint.rs:405:49:
called `Result::unwrap()` on an `Err` value: PoisonError { .. }

---- tests::test_concurrent_get_or_spawn_returns_same_registry stdout ----

thread 'tests::test_concurrent_get_or_spawn_returns_same_registry' (2342687) panicked at crates/components/camel-http/src/lib.rs:6035:49:
called `Result::unwrap()` on an `Err` value: PoisonError { .. }

---- tests::test_server_registry_reset_clears_entries stdout ----

thread 'tests::test_server_registry_reset_clears_entries' (2342693) panicked at crates/components/camel-http/src/lib.rs:6162:49:
called `Result::unwrap()` on an `Err` value: PoisonError { .. }

---- tests::test_content_type_inferred_for_xml_body stdout ----

thread 'tests::test_content_type_inferred_for_xml_body' (2342690) panicked at crates/components/camel-http/src/lib.rs:9237:58:
REGISTRY_TEST_MUTEX: PoisonError { .. }

---- tests::test_server_registry_distinguishes_host_and_port stdout ----

thread 'tests::test_server_registry_distinguishes_host_and_port' (2342691) panicked at crates/components/camel-http/src/lib.rs:6080:49:
called `Result::unwrap()` on an `Err` value: PoisonError { .. }

---- tests::readiness_survives_concurrent_registry_reset stdout ----

thread 'tests::readiness_survives_concurrent_registry_reset' (2342685) panicked at crates/components/camel-http/src/lib.rs:9237:58:
REGISTRY_TEST_MUTEX: PoisonError { .. }

thread '<unnamed>' (2342694) panicked at crates/components/camel-http/src/lib.rs:9345:30:
registry test mutex poisoned under hammer: PoisonError { .. }

---- tests::test_content_type_inferred_for_text_body stdout ----

thread 'tests::test_content_type_inferred_for_text_body' (2342689) panicked at crates/components/camel-http/src/lib.rs:9237:58:
REGISTRY_TEST_MUTEX: PoisonError { .. }


failures:
    static_endpoint::tests::test_consumer_start_registers_mount_in_registry
    tests::readiness_survives_concurrent_registry_reset
    tests::test_concurrent_get_or_spawn_returns_same_registry
    tests::test_content_type_inferred_for_json_body
    tests::test_content_type_inferred_for_text_body
    tests::test_content_type_inferred_for_xml_body
    tests::test_server_registry_distinguishes_host_and_port
    tests::test_server_registry_reset_clears_entries

test result: FAILED. 2 passed; 8 failed; 0 ignored; 0 measured; 359 filtered out; finished in 10.28s

error: test failed, to rerun pass `-p camel-component-http --lib`
